{
  "status": "pass",
  "run_dir": "/mnt/c/Users/Administrator/Desktop/实验/GRIP-CU/08_experiments/RecurrentGRIP/v1_1_1_diagnostic_cross_2026-08-29/results/runs/wsl3090_nell23k_diag_cross_20260830_01_nell23k_diagnostic_cross",
  "train_depths": [
    1,
    2
  ],
  "eval_depths": [
    1,
    2
  ],
  "adapter_controls": [
    "correct",
    "none"
  ],
  "prediction_count": 768,
  "selection_sha256": "d4a9cf3f6d2deee090af5137a2b52f89f8ce335926eabbd344ece85729d72885",
  "context_manifests": {
    "train_k1": {
      "sampling_strategy": "node_random_train_qa_anchor_edge_relation_round_robin_v2",
      "seed": 2026,
      "requested_node_count": 32,
      "requested_edge_count": 224,
      "requested_total_count": 256,
      "unique_node_count": 20799,
      "unique_edge_count": 24310,
      "duplicate_edge_count": 0,
      "self_loop_count": 11,
      "relation_count": 198,
      "selected_node_count": 32,
      "selected_edge_count": 224,
      "selected_total_count": 256,
      "selected_relation_count": 198,
      "relation_coverage": 1.0,
      "selected_context_entity_count": 454,
      "train_qa_count": 64,
      "train_qa_relation_covered_count": 64,
      "train_qa_relation_coverage": 1.0,
      "train_qa_fact_count": 64,
      "train_qa_fact_covered_count": 64,
      "train_qa_fact_coverage": 1.0,
      "train_qa_entity_endpoint_count": 128,
      "train_qa_entity_covered_count": 128,
      "train_qa_entity_coverage": 1.0,
      "selected_nodes": [
        "concept_person_bell",
        "concept_attraction_london_eye001",
        "concept_jobposition_sheriff",
        "concept_officebuildingroom_standard_double_rooms",
        "concept_writer_stephen_crane",
        "concept_personeurope_lois_duncan",
        "concept_city_manchester",
        "concept_bakedgood_dessert",
        "concept_jobposition_richard",
        "concept_musicartist_head_coach",
        "concept_weapon_rubber_truncheons",
        "concept_politicianus_hillary_clinton",
        "concept_visualizablething_appointment",
        "concept_mammal_bobcats",
        "concept_athlete_j_p__ricciardi",
        "concept_book_midnight_come_again",
        "concept_city_greer",
        "concept_website_search",
        "concept_room_fireplace",
        "concept_male_lamech",
        "concept_architect_alasdair_gray",
        "concept_book_a_study_in_scarlet",
        "concept_city_englewood",
        "concept_artery_back",
        "concept_bacteria_sarcoptes_scabiei",
        "concept_fish_marlin",
        "concept_televisionstation_wvva_tv",
        "concept_city_allenhurst",
        "concept_food_forest_life",
        "concept_book_the_house_of_the_seven_gables",
        "concept_clothing_white_tuxedo_shirt",
        "concept_university_center"
      ],
      "selected_edges": [
        [
          "concept_city_bangalore",
          "concept:citylocatedinstate",
          "concept_stateorprovince_karnataka"
        ],
        [
          "concept_county_bellingham",
          "concept:subpartof",
          "concept_city_washington_d_c"
        ],
        [
          "concept_book_america",
          "concept:mutualproxyfor",
          "concept_book_new"
        ],
        [
          "concept_writer_john_le_carr_",
          "concept:agentcreated",
          "concept_book_tinker_tailor_soldier_spy"
        ],
        [
          "concept_city_capetown",
          "concept:locationlocatedwithinlocation",
          "concept_country_south_africa"
        ],
        [
          "concept_musicartist_buzzcocks",
          "concept:musicartistgenre",
          "concept_musicgenre_pop"
        ],
        [
          "concept_athlete_john_ward",
          "concept:athleteledsportsteam",
          "concept_sportsteam_steelers"
        ],
        [
          "concept_city_cortland",
          "concept:citylocatedinstate",
          "concept_stateorprovince_new_york"
        ],
        [
          "concept_personeurope_s__e__hinton",
          "concept:agentcontributedtocreativework",
          "concept_book_the_outsiders"
        ],
        [
          "concept_sportsteam_florida_gators",
          "concept:teamplaysagainstteam",
          "concept_sportsteam_lsu"
        ],
        [
          "concept_furniture_beds",
          "concept:furniturefoundinroom",
          "concept_room_n1_room"
        ],
        [
          "concept_insect_crabs",
          "concept:arthropodcalledarthropod",
          "concept_arthropod_prey"
        ],
        [
          "concept_country_sudan",
          "concept:countryalsoknownas",
          "concept_country_democratic_republic_of_congo"
        ],
        [
          "concept_book_hardcover",
          "concept:atdate",
          "concept_dateliteral_n2006"
        ],
        [
          "concept_city_london_city",
          "concept:atdate",
          "concept_year_n1660"
        ],
        [
          "concept_sportsteam_man_united",
          "concept:teamplaysagainstteam",
          "concept_sportsteam_liverpool"
        ],
        [
          "concept_criminal_web_sites",
          "concept:agentparticipatedinevent",
          "concept_sportsgame_terms"
        ],
        [
          "concept_automobilemaker_ford",
          "concept:automakerproducesmodel",
          "concept_automobilemodel_ford_edge"
        ],
        [
          "concept_stadiumoreventvenue_mid_america_center",
          "concept:stadiumlocatedincity",
          "concept_city_council_bluffs"
        ],
        [
          "concept_sport_rafting",
          "concept:sportschoolincountry",
          "concept_country___america"
        ],
        [
          "concept_female_tityas",
          "concept:parentofperson",
          "concept_female_elara"
        ],
        [
          "concept_person_faith_hill",
          "concept:hasspouse",
          "concept_actor_tim_mcgraw"
        ],
        [
          "concept_academicfield_arts",
          "concept:academicprogramatuniversity",
          "concept_university_booker_t__washington_high_school"
        ],
        [
          "concept_visualizableobject_shirt",
          "concept:clothingtogowithclothing",
          "concept_clothing_t_shirt"
        ],
        [
          "concept_clothing_tie",
          "concept:clothingtogowithclothing",
          "concept_clothing_blouse"
        ],
        [
          "concept_landscapefeatures_states",
          "concept:locationlocatedwithinlocation",
          "concept_river_state"
        ],
        [
          "concept_hotel_grand_china_princess",
          "concept:hotelincity",
          "concept_city_bangkok"
        ],
        [
          "concept_university_pennsylvania_state",
          "concept:organizationalsoknownas",
          "concept_university_state_university"
        ],
        [
          "concept_chemical_oxygen",
          "concept:chemicalistypeofchemical",
          "concept_chemical_chlorine"
        ],
        [
          "concept_stateorprovince_himachal_pradesh",
          "concept:statehascapital",
          "concept_city_shimla"
        ],
        [
          "concept_lake_new",
          "concept:locationlocatedwithinlocation",
          "concept_visualizablething_residence"
        ],
        [
          "concept_county_chevrolet",
          "concept:agentinvolvedwithitem",
          "concept_grain_cobalt"
        ],
        [
          "concept_profession_instructors",
          "concept:professionistypeofprofession",
          "concept_profession_industry_professionals"
        ],
        [
          "concept_sportsteam_western_illinois",
          "concept:subpartoforganization",
          "concept_sportsteam_ncaa_youth_kids"
        ],
        [
          "concept_creditunion_kansas",
          "concept:mutualproxyfor",
          "concept_celebrity_dodge_city"
        ],
        [
          "concept_musicartist_poison",
          "concept:musicartistgenre",
          "concept_musicgenre_hair"
        ],
        [
          "concept_book_a_darkness_more_than_night",
          "concept:bookwriter",
          "concept_writer_michael_connelly"
        ],
        [
          "concept_televisionstation_wekw_tv",
          "concept:televisionstationaffiliatedwith",
          "concept_televisionnetwork_pbs"
        ],
        [
          "concept_clothing_leather_jacket",
          "concept:clothingtogowithclothing",
          "concept_visualizableobject_shirt"
        ],
        [
          "concept_person_miley_cyrus",
          "concept:agentcollaborateswithagent",
          "concept_politician_obama"
        ],
        [
          "concept_furniture_beds",
          "concept:furniturefoundinroom",
          "concept_visualizablething_bright_bedroom"
        ],
        [
          "concept_building_sunset_station",
          "concept:stadiumlocatedincity",
          "concept_city_vegas"
        ],
        [
          "concept_person_lance_armstrong",
          "concept:haswife",
          "concept_professor_kate_hudson"
        ],
        [
          "concept_bacteria_coxiella_burnetii",
          "concept:bacteriaisthecausativeagentofphysiologicalcondition",
          "concept_disease_q_fever"
        ],
        [
          "concept_televisionstation_kyne_tv",
          "concept:agentbelongstoorganization",
          "concept_company_pbs"
        ],
        [
          "concept_profession_professionals",
          "concept:professionistypeofprofession",
          "concept_profession_researchers"
        ],
        [
          "concept_politician_simpson",
          "concept:personchargedwithcrime",
          "concept_crimeorcharge_murders"
        ],
        [
          "concept_city_place",
          "concept:atdate",
          "concept_year_n1978"
        ],
        [
          "concept_personnorthamerica_ron_paul",
          "concept:personbelongstoorganization",
          "concept_governmentorganization_house"
        ],
        [
          "concept_aquarium_jaszbereny_zoo",
          "concept:touristattractionsuchastouristattraction",
          "concept_attraction_temple_of_the_reclining_buddha"
        ],
        [
          "concept_celebrity_venice",
          "concept:proxyfor",
          "concept_book_new"
        ],
        [
          "concept_governmentorganization_government",
          "concept:atdate",
          "concept_year_n1992"
        ],
        [
          "concept_politicianus_frank_pallone",
          "concept:politicianusmemberofpoliticalgroup",
          "concept_governmentorganization_house"
        ],
        [
          "concept_coach_devin_thomas",
          "concept:coachwontrophy",
          "concept_awardtrophytournament_super_bowl"
        ],
        [
          "concept_animal_animals001",
          "concept:animalpreyson",
          "concept_animal_mammals001"
        ],
        [
          "concept_clothing_sleeved_shirts",
          "concept:clothingtogowithclothing",
          "concept_clothing_pants"
        ],
        [
          "concept_musicsong_villa",
          "concept:mutualproxyfor",
          "concept_vehicle_three"
        ],
        [
          "concept_personafrica_cesare_pavese",
          "concept:agentcreated",
          "concept_visualartist_the_moon_and_the_bonfires"
        ],
        [
          "concept_musicalbum_rent",
          "concept:proxyfor",
          "concept_weatherphenomenon_new"
        ],
        [
          "concept_geopoliticalorganization_greenfield",
          "concept:atlocation",
          "concept_stateorprovince_wisconsin"
        ],
        [
          "concept_charactertrait_charge",
          "concept:atdate",
          "concept_date_n2001"
        ],
        [
          "concept_city_home",
          "concept:atdate",
          "concept_year_n1960"
        ],
        [
          "concept_bathroomitem_shower",
          "concept:itemfoundinroom",
          "concept_visualizablething_bath_rooms"
        ],
        [
          "concept_criminal_favorites",
          "concept:agentparticipatedinevent",
          "concept_sportsgame_series"
        ],
        [
          "concept_academicfield_science",
          "concept:academicfieldconcernssubject",
          "concept_economicsector_computer"
        ],
        [
          "concept_sport_ski",
          "concept:sportfansincountry",
          "concept_country_us"
        ],
        [
          "concept_plant_tropical_flowers",
          "concept:plantgrowinginplant",
          "concept_plant_trees"
        ],
        [
          "concept_animal_chicken001",
          "concept:animaleatvegetable",
          "concept_vegetable_red_onions"
        ],
        [
          "concept_awardtrophytournament_championships",
          "concept:awardtrophytournamentisthechampionshipgameofthenationalsport",
          "concept_sport_golf"
        ],
        [
          "concept_person_roberts001",
          "concept:persongraduatedfromuniversity",
          "concept_university_state_university"
        ],
        [
          "concept_company_microsoft",
          "concept:producesproduct",
          "concept_software_microsoft_windows_server"
        ],
        [
          "concept_visualartist_da_vinci",
          "concept:visualartistartform",
          "concept_visualartform_paintings"
        ],
        [
          "concept_musician_slash",
          "concept:musicianplaysinstrument",
          "concept_musicinstrument_guitar"
        ],
        [
          "concept_park_glebe",
          "concept:parkincity",
          "concept_city_sydney"
        ],
        [
          "concept_artery_vessels",
          "concept:arterycalledartery",
          "concept_artery_branches"
        ],
        [
          "concept_athlete_mike_smith",
          "concept:coachesinleague",
          "concept_sportsleague_nfl"
        ],
        [
          "concept_athlete_stefan_edberg",
          "concept:athletebeatathlete",
          "concept_athlete_boris_becker"
        ],
        [
          "concept_automobilemaker_jaguar",
          "concept:automobilemakerdealersincountry",
          "concept_country_canada_canada"
        ],
        [
          "concept_insect_beneficial_insects",
          "concept:animalsuchasinvertebrate",
          "concept_insect_butterflies"
        ],
        [
          "concept_agriculturalproduct_animals",
          "concept:agriculturalproductgrowninlandscapefeatures",
          "concept_landscapefeatures_forest"
        ],
        [
          "concept_lake_bonita_springs",
          "concept:lakeinstate",
          "concept_stateorprovince_florida"
        ],
        [
          "concept_city_san_antonio",
          "concept:citylocatedingeopoliticallocation",
          "concept_stateorprovince_texas"
        ],
        [
          "concept_sportsteam_bengals",
          "concept:teamwontrophy",
          "concept_awardtrophytournament_super_bowl"
        ],
        [
          "concept_politicianus_nancy_pelosi",
          "concept:politicianholdsoffice",
          "concept_politicaloffice_senator"
        ],
        [
          "concept_visualizableobject_operator",
          "concept:objectpartofobject",
          "concept_sportsequipment_wheel"
        ],
        [
          "concept_city_grozny",
          "concept:citycapitalofcountry",
          "concept_country_chechnya"
        ],
        [
          "concept_musician_paul",
          "concept:musicianinmusicartist",
          "concept_musicartist_michael_jackson"
        ],
        [
          "concept_bank_ups",
          "concept:competeswith",
          "concept_bank_insured"
        ],
        [
          "concept_bakedgood_scones",
          "concept:bakedgoodservedwithbeverage",
          "concept_agriculturalproduct_hot_tea"
        ],
        [
          "concept_radiostation_wfmt",
          "concept:radiostationincity",
          "concept_city_chicago"
        ],
        [
          "concept_ceo_alan_greenspan",
          "concept:personleadsorganization",
          "concept_bank_former_federal_reserve"
        ],
        [
          "concept_politicianus_fernando_lugo",
          "concept:politicianusholdsoffice",
          "concept_politicaloffice_president"
        ],
        [
          "concept_person_julie",
          "concept:persongraduatedschool",
          "concept_university_state_university"
        ],
        [
          "concept_agriculturalproduct_wood",
          "concept:agriculturalproducttoattractinsect",
          "concept_insect_carpenter_ants"
        ],
        [
          "concept_animal_dolphins001",
          "concept:animalsuchasfish",
          "concept_fish_whale"
        ],
        [
          "concept_person_lord",
          "concept:hassibling",
          "concept_person_david"
        ],
        [
          "concept_company_prudential002",
          "concept:companyeconomicsector",
          "concept_economicsector_insurance"
        ],
        [
          "concept_bank_us_federal_reserve",
          "concept:bankbankincountry",
          "concept_country_england"
        ],
        [
          "concept_beverage_pomegranate_juice",
          "concept:beveragemadefrombeverage",
          "concept_beverage_juice"
        ],
        [
          "concept_company_denmark",
          "concept:hasofficeincountry",
          "concept_country___america"
        ],
        [
          "concept_company_tyco_healthcare",
          "concept:organizationheadquarteredinstateorprovince",
          "concept_stateorprovince_massachusetts"
        ],
        [
          "concept_agriculturalproduct_chives",
          "concept:agriculturalproductcutintogeometricshape",
          "concept_geometricshape_bits"
        ],
        [
          "concept_athlete_gabe_kapler",
          "concept:athletehomestadium",
          "concept_stadiumoreventvenue_tropicana_field"
        ],
        [
          "concept_athlete_iverson",
          "concept:persondiedincountry",
          "concept_country_england"
        ],
        [
          "concept_televisionstation_wsls",
          "concept:televisionstationincity",
          "concept_city_roanoke"
        ],
        [
          "concept_airport_reagan_washington_national",
          "concept:airportincity",
          "concept_city_washington_d_c"
        ],
        [
          "concept_invertebrate_cranes",
          "concept:specializationof",
          "concept_animal_birds003"
        ],
        [
          "concept_mountain_south_peak",
          "concept:mountaininstate",
          "concept_stateorprovince_alaska"
        ],
        [
          "concept_sportsgame_n2000_euro_cup",
          "concept:sportsgamesport",
          "concept_sport_soccer"
        ],
        [
          "concept_agriculturalproduct_cotton",
          "concept:agriculturalproductgrowinginstateorprovince",
          "concept_stateorprovince_oklahoma"
        ],
        [
          "concept_insect_pests",
          "concept:arthropodandotherarthropod",
          "concept_insect_bugs"
        ],
        [
          "concept_bank_wells_fargo",
          "concept:companyalsoknownas",
          "concept_radiostation_wfc"
        ],
        [
          "concept_person_hugo",
          "concept:personborninlocation",
          "concept_stateorprovince_south_carolina"
        ],
        [
          "concept_mammal_zebras",
          "concept:animalistypeofanimal",
          "concept_mammal_animals"
        ],
        [
          "concept_jobposition_demand",
          "concept:professionusestool",
          "concept_sportsequipment_products"
        ],
        [
          "concept_person_alyson_hannigan001",
          "concept:hashusband",
          "concept_male_alexis_denisof"
        ],
        [
          "concept_televisionstation_ktvu",
          "concept:hasofficeincity",
          "concept_city_san_francisco"
        ],
        [
          "concept_athlete_kirk_gibson",
          "concept:athleteplaysinleague",
          "concept_sportsleague_mlb"
        ],
        [
          "concept_animal_children",
          "concept:animaldevelopdisease",
          "concept_disease_sleep_disorders"
        ],
        [
          "concept_coach_bo_pelini",
          "concept:coachesteam",
          "concept_sportsteam_nebraska_cornhuskers"
        ],
        [
          "concept_automobilemaker_kia",
          "concept:automobilemakerdealersincity",
          "concept_city_brownsville"
        ],
        [
          "concept_aquarium_natural_history_museum",
          "concept:attractionofcity",
          "concept_city_london_city"
        ],
        [
          "concept_personus_miller",
          "concept:athleteplayssportsteamposition",
          "concept_sportsteamposition_player"
        ],
        [
          "concept_female_sandra_bullock",
          "concept:actorstarredinmovie",
          "concept_movie_practical_magic"
        ],
        [
          "concept_journalist_dafna_linzer",
          "concept:journalistwritesforpublication",
          "concept_company_post"
        ],
        [
          "concept_sportsteam_washington_nationals",
          "concept:teamplaysinleague",
          "concept_sportsleague_mlb"
        ],
        [
          "concept_museum_michigan_firehouse_museum",
          "concept:museumincity",
          "concept_city_ypsilanti"
        ],
        [
          "concept_beverage_juice",
          "concept:beveragecontainsprotein",
          "concept_protein_protease"
        ],
        [
          "concept_biotechcompany_ibm",
          "concept:acquired",
          "concept_biotechcompany_rational_software"
        ],
        [
          "concept_city_geneva",
          "concept:citylocatedincountry",
          "concept_country_switzerland"
        ],
        [
          "concept_coach_kragthorpe",
          "concept:worksfor",
          "concept_city_louisville"
        ],
        [
          "concept_athlete_scott_kazmir",
          "concept:athleteflyouttosportsteamposition",
          "concept_sportsteamposition_center"
        ],
        [
          "concept_agriculturalproduct_wildflower",
          "concept:agriculturalproductcamefromcountry",
          "concept_country___america"
        ],
        [
          "concept_scientificterm_differential_forms",
          "concept:conceptprerequisiteof",
          "concept_scientificterm_exterior_derivative"
        ],
        [
          "concept_sport_pool",
          "concept:sportusesequipment",
          "concept_tool_accessories"
        ],
        [
          "concept_emotion_sleep",
          "concept:emotionassociatedwithdisease",
          "concept_disease_paralysis"
        ],
        [
          "concept_person_carol_bartz",
          "concept:topmemberoforganization",
          "concept_biotechcompany_autodesk_inc_"
        ],
        [
          "concept_language_sindhi",
          "concept:languageofcountry",
          "concept_country_pakistan"
        ],
        [
          "concept_director_michel_gondry",
          "concept:directordirectedmovie",
          "concept_movie_eternal_sunshine_of_the_spotless_mind"
        ],
        [
          "concept_attraction_mississippi",
          "concept:riveremptiesintoriver",
          "concept_river_montana"
        ],
        [
          "concept_transportation_nj_transit",
          "concept:transportationincity",
          "concept_city_new_york"
        ],
        [
          "concept_sportsteam_penn_state_nittany_lions",
          "concept:teamhomestadium",
          "concept_stadiumoreventvenue_beaver_stadium"
        ],
        [
          "concept_country_pakistan",
          "concept:countrylocatedingeopoliticallocation",
          "concept_country_different_countries"
        ],
        [
          "concept_condiment_chocolate",
          "concept:fooddecreasestheriskofdisease",
          "concept_disease_blood_clots"
        ],
        [
          "concept_ceo_randall_l__stephenson",
          "concept:ceoof",
          "concept_company_at_t"
        ],
        [
          "concept_visualizableobject_parts",
          "concept:objectfoundinscene",
          "concept_landscapefeatures_valley"
        ],
        [
          "concept_city_salina",
          "concept:cityliesonriver",
          "concept_skiarea_smoky_hill"
        ],
        [
          "concept_weapon_nuclear_weapon",
          "concept:weaponmadeincountry",
          "concept_country_pakistan"
        ],
        [
          "concept_bank_national",
          "concept:bankboughtbank",
          "concept_bank_jp_morgan_chase_bank"
        ],
        [
          "concept_biotechcompany_mallinckrodt",
          "concept:headquarteredin",
          "concept_city_st_louis"
        ],
        [
          "concept_plant_flowers",
          "concept:plantrepresentemotion",
          "concept_emotion_affection"
        ],
        [
          "concept_building_jackson",
          "concept:buildinglocatedincity",
          "concept_city_port_moresby"
        ],
        [
          "concept_artery_fluid",
          "concept:bodypartcontainsbodypart",
          "concept_braintissue_meninges"
        ],
        [
          "concept_sportsleague_nfl",
          "concept:leaguestadiums",
          "concept_stadiumoreventvenue_sun_devil_stadium"
        ],
        [
          "concept_awardtrophytournament_hungary",
          "concept:synonymfor",
          "concept_politicalparty_republic"
        ],
        [
          "concept_food_oil",
          "concept:agriculturalproductcookedwithagriculturalproduct",
          "concept_legume_white_beans"
        ],
        [
          "concept_beverage_sugar",
          "concept:foodcancausedisease",
          "concept_disease_effect"
        ],
        [
          "concept_musicartist_stay",
          "concept:organizationdissolvedatdate",
          "concept_date_feb"
        ],
        [
          "concept_weapon_same_rifle",
          "concept:weaponssuchasweapons",
          "concept_weapon_nuclear_missile"
        ],
        [
          "concept_drug_ventolin",
          "concept:drugworkedonbyagent",
          "concept_biotechcompany_glaxosmithkline"
        ],
        [
          "concept_person_louis_xv",
          "concept:personhascitizenship",
          "concept_country_france_france"
        ],
        [
          "concept_mammal_bears",
          "concept:animaleatfood",
          "concept_food_strawberry"
        ],
        [
          "concept_athlete_henry",
          "concept:athleteinjuredhisbodypart",
          "concept_artery_arm"
        ],
        [
          "concept_stateorprovince_new_mexico",
          "concept:stateorprovinceisborderedbystateorprovince",
          "concept_stateorprovince_arizona"
        ],
        [
          "concept_drug_motrin",
          "concept:drugpossiblytreatsphysiologicalcondition",
          "concept_disease_pain"
        ],
        [
          "concept_hobby_nearby_activities",
          "concept:hobbiessuchashobbies",
          "concept_sport_rafting"
        ],
        [
          "concept_geometricshape_object",
          "concept:thinghascolor",
          "concept_color_orange"
        ],
        [
          "concept_governmentorganization_bonneville_power_administration",
          "concept:organizationheadquarteredincountry",
          "concept_country_u_s_"
        ],
        [
          "concept_sportsteam_new_jersey_devils",
          "concept:teamplaysincity",
          "concept_city_newark"
        ],
        [
          "concept_athlete_jacque_jones",
          "concept:athleteplayssport",
          "concept_sport_baseball"
        ],
        [
          "concept_insect_insects",
          "concept:animalsuchasinsect",
          "concept_insect_fleas"
        ],
        [
          "concept_animal_large_herd",
          "concept:ismultipleof",
          "concept_mammal_sheep"
        ],
        [
          "concept_agriculturalproduct_fruits",
          "concept:agriculturalproductcontainchemical",
          "concept_chemical_pesticides"
        ],
        [
          "concept_agriculturalproduct_crops",
          "concept:agriculturalproductincludingagriculturalproduct",
          "concept_agriculturalproduct_citrus_fruits"
        ],
        [
          "concept_sportsgame_n1931_world_series",
          "concept:sportsgamewinner",
          "concept_sportsteam_st__louis_cardinals"
        ],
        [
          "concept_drug_ortho_tri_cyclen",
          "concept:drughassideeffect",
          "concept_disease_side_effects"
        ],
        [
          "concept_language_english",
          "concept:languageofuniversity",
          "concept_university_depauw_university"
        ],
        [
          "concept_person_oprah",
          "concept:personalsoknownas",
          "concept_personus_oprah_winfrey"
        ],
        [
          "concept_politicianus_bush",
          "concept:politicianusendorsedbypoliticianus",
          "concept_politicianus_senator_kerry"
        ],
        [
          "concept_animal_dog001",
          "concept:agentcompeteswithagent",
          "concept_personaustralia_pet"
        ],
        [
          "concept_automobilemaker_nissan",
          "concept:automobilemakercardealersinstateorprovince",
          "concept_stateorprovince_texas"
        ],
        [
          "concept_sport_baseball",
          "concept:sporthassportsteamposition",
          "concept_sportsteamposition_left_handed_pitcher"
        ],
        [
          "concept_person_michele",
          "concept:personmovedtostateorprovince",
          "concept_stateorprovince_california"
        ],
        [
          "concept_city_hawaii",
          "concept:istallerthan",
          "concept_publication_people_"
        ],
        [
          "concept_governmentorganization_ojp",
          "concept:organizationacronymhasname",
          "concept_governmentorganization_office_of_justice_programs"
        ],
        [
          "concept_academicfield_technology",
          "concept:academicfieldsuchasacademicfield",
          "concept_academicfield_physics"
        ],
        [
          "concept_personus_carmelo_anthony",
          "concept:personhasjobposition",
          "concept_jobposition_counselor"
        ],
        [
          "concept_athlete_gustavo_kuerten",
          "concept:athletewinsawardtrophytournament",
          "concept_awardtrophytournament_french_open"
        ],
        [
          "concept_sportsteam_state_university",
          "concept:teamalsoknownas",
          "concept_sportsteam_community"
        ],
        [
          "concept_company_national",
          "concept:agentactsinlocation",
          "concept_country_us"
        ],
        [
          "concept_politicianus_woodrow_wilson",
          "concept:politicianrepresentslocation",
          "concept_country_united_states"
        ],
        [
          "concept_buildingfeature_floors",
          "concept:buildingfeaturemadefrombuildingmaterial",
          "concept_buildingmaterial_steel"
        ],
        [
          "concept_company_reynolds_american",
          "concept:organizationterminatedperson",
          "concept_ceo_susan_m__ivey"
        ],
        [
          "concept_musicgenre_disco",
          "concept:musicgenressuchasmusicgenres",
          "concept_musicgenre_pop"
        ],
        [
          "concept_person_mugabe",
          "concept:personleadsgeopoliticalorganization",
          "concept_city_harare"
        ],
        [
          "concept_geometricshape_cylinder",
          "concept:thinghasshape",
          "concept_geometricshape_shape"
        ],
        [
          "concept_clothing_formal_dresses",
          "concept:clothingmadefromplant",
          "concept_plant_flower"
        ],
        [
          "concept_stateorprovince_hawaii",
          "concept:statelocatedincountry",
          "concept_country_usa"
        ],
        [
          "concept_newspaper_daily_telegraph",
          "concept:newspaperincity",
          "concept_city_washington_d_c"
        ],
        [
          "concept_insect_honeybees",
          "concept:invertebratefeedonfood",
          "concept_beverage_nectar"
        ],
        [
          "concept_male_lamech",
          "concept:fatherofperson",
          "concept_male_noah"
        ],
        [
          "concept_country_italy",
          "concept:agentcontrols",
          "concept_personeurope_alessandro_del_piero"
        ],
        [
          "concept_sport_baseball",
          "concept:sportusesstadium",
          "concept_stadiumoreventvenue_sicks__stadium"
        ],
        [
          "concept_city_ho_chi_minh_city",
          "concept:cityalsoknownas",
          "concept_city_saigon"
        ],
        [
          "concept_personmexico_jason_giambi",
          "concept:athleteplaysforteam",
          "concept_sportsteam_yankees"
        ],
        [
          "concept_country_thailand",
          "concept:countrycurrency",
          "concept_currency_baht"
        ],
        [
          "concept_company_environmental_systems_research_institute",
          "concept:organizationheadquarteredincity",
          "concept_city_stockholm"
        ],
        [
          "concept_female_kunti",
          "concept:motherofperson",
          "concept_person_arjuna"
        ],
        [
          "concept_person_katz",
          "concept:personbornincity",
          "concept_city_york"
        ],
        [
          "concept_sportsgame_games",
          "concept:sportsgameteam",
          "concept_sportsteam_new_york_giants"
        ],
        [
          "concept_mammal_pig",
          "concept:mammalsuchasmammal",
          "concept_mammal_deer"
        ],
        [
          "concept_stateorprovince_states",
          "concept:statelocatedingeopoliticallocation",
          "concept_city_copenhagen"
        ],
        [
          "concept_fish_salmon",
          "concept:fishservedwithfood",
          "concept_condiment_salsa"
        ],
        [
          "concept_city_boston",
          "concept:organizationhiredperson",
          "concept_person_thomas_m__menino"
        ],
        [
          "concept_politicianus_brian_sandoval",
          "concept:personhasresidenceingeopoliticallocation",
          "concept_stateorprovince_nevada"
        ],
        [
          "concept_insect_beetles",
          "concept:animalthatfeedoninsect",
          "concept_arthropod_insect_predators"
        ],
        [
          "concept_sportsteam_man_utd",
          "concept:teamplayssport",
          "concept_sport_basketball"
        ],
        [
          "concept_plant_trees",
          "concept:plantincludeplant",
          "concept_plant_hickories"
        ],
        [
          "concept_food_eggs",
          "concept:agriculturalproductcomingfromvertebrate",
          "concept_fish_bass"
        ],
        [
          "concept_sportsteam_bills",
          "concept:teamplaysagainstteam",
          "concept_sportsteam_new_york_jets"
        ],
        [
          "concept_city_listings",
          "concept:proxyfor",
          "concept_politicaloffice_new"
        ],
        [
          "concept_musicartist_acdc",
          "concept:musicartistgenre",
          "concept_musicgenre_rock"
        ],
        [
          "concept_writer_laurell_k__hamilton",
          "concept:agentcreated",
          "concept_book_burnt_offerings"
        ],
        [
          "concept_male_second_adam",
          "concept:parentofperson",
          "concept_person_jesus"
        ]
      ],
      "selected_nodes_sha256": "0b3baeab8fb4bddb9f36346ea0cb71fcb3930af4f4101083b1c17411cd252a24",
      "selected_edges_sha256": "be723439e98f90fdc144c3f2ccaa9ecac9d0cc18987a197b054bedfa22a1cbd1",
      "selection_sha256": "d4a9cf3f6d2deee090af5137a2b52f89f8ce335926eabbd344ece85729d72885",
      "graph_id": "nell23k",
      "title": "nell23k",
      "format_as_instruction": false,
      "context_upsampling_applied": false,
      "legacy_max_context_samples": 0
    },
    "train_k2": {
      "sampling_strategy": "node_random_train_qa_anchor_edge_relation_round_robin_v2",
      "seed": 2026,
      "requested_node_count": 32,
      "requested_edge_count": 224,
      "requested_total_count": 256,
      "unique_node_count": 20799,
      "unique_edge_count": 24310,
      "duplicate_edge_count": 0,
      "self_loop_count": 11,
      "relation_count": 198,
      "selected_node_count": 32,
      "selected_edge_count": 224,
      "selected_total_count": 256,
      "selected_relation_count": 198,
      "relation_coverage": 1.0,
      "selected_context_entity_count": 454,
      "train_qa_count": 64,
      "train_qa_relation_covered_count": 64,
      "train_qa_relation_coverage": 1.0,
      "train_qa_fact_count": 64,
      "train_qa_fact_covered_count": 64,
      "train_qa_fact_coverage": 1.0,
      "train_qa_entity_endpoint_count": 128,
      "train_qa_entity_covered_count": 128,
      "train_qa_entity_coverage": 1.0,
      "selected_nodes": [
        "concept_person_bell",
        "concept_attraction_london_eye001",
        "concept_jobposition_sheriff",
        "concept_officebuildingroom_standard_double_rooms",
        "concept_writer_stephen_crane",
        "concept_personeurope_lois_duncan",
        "concept_city_manchester",
        "concept_bakedgood_dessert",
        "concept_jobposition_richard",
        "concept_musicartist_head_coach",
        "concept_weapon_rubber_truncheons",
        "concept_politicianus_hillary_clinton",
        "concept_visualizablething_appointment",
        "concept_mammal_bobcats",
        "concept_athlete_j_p__ricciardi",
        "concept_book_midnight_come_again",
        "concept_city_greer",
        "concept_website_search",
        "concept_room_fireplace",
        "concept_male_lamech",
        "concept_architect_alasdair_gray",
        "concept_book_a_study_in_scarlet",
        "concept_city_englewood",
        "concept_artery_back",
        "concept_bacteria_sarcoptes_scabiei",
        "concept_fish_marlin",
        "concept_televisionstation_wvva_tv",
        "concept_city_allenhurst",
        "concept_food_forest_life",
        "concept_book_the_house_of_the_seven_gables",
        "concept_clothing_white_tuxedo_shirt",
        "concept_university_center"
      ],
      "selected_edges": [
        [
          "concept_city_bangalore",
          "concept:citylocatedinstate",
          "concept_stateorprovince_karnataka"
        ],
        [
          "concept_county_bellingham",
          "concept:subpartof",
          "concept_city_washington_d_c"
        ],
        [
          "concept_book_america",
          "concept:mutualproxyfor",
          "concept_book_new"
        ],
        [
          "concept_writer_john_le_carr_",
          "concept:agentcreated",
          "concept_book_tinker_tailor_soldier_spy"
        ],
        [
          "concept_city_capetown",
          "concept:locationlocatedwithinlocation",
          "concept_country_south_africa"
        ],
        [
          "concept_musicartist_buzzcocks",
          "concept:musicartistgenre",
          "concept_musicgenre_pop"
        ],
        [
          "concept_athlete_john_ward",
          "concept:athleteledsportsteam",
          "concept_sportsteam_steelers"
        ],
        [
          "concept_city_cortland",
          "concept:citylocatedinstate",
          "concept_stateorprovince_new_york"
        ],
        [
          "concept_personeurope_s__e__hinton",
          "concept:agentcontributedtocreativework",
          "concept_book_the_outsiders"
        ],
        [
          "concept_sportsteam_florida_gators",
          "concept:teamplaysagainstteam",
          "concept_sportsteam_lsu"
        ],
        [
          "concept_furniture_beds",
          "concept:furniturefoundinroom",
          "concept_room_n1_room"
        ],
        [
          "concept_insect_crabs",
          "concept:arthropodcalledarthropod",
          "concept_arthropod_prey"
        ],
        [
          "concept_country_sudan",
          "concept:countryalsoknownas",
          "concept_country_democratic_republic_of_congo"
        ],
        [
          "concept_book_hardcover",
          "concept:atdate",
          "concept_dateliteral_n2006"
        ],
        [
          "concept_city_london_city",
          "concept:atdate",
          "concept_year_n1660"
        ],
        [
          "concept_sportsteam_man_united",
          "concept:teamplaysagainstteam",
          "concept_sportsteam_liverpool"
        ],
        [
          "concept_criminal_web_sites",
          "concept:agentparticipatedinevent",
          "concept_sportsgame_terms"
        ],
        [
          "concept_automobilemaker_ford",
          "concept:automakerproducesmodel",
          "concept_automobilemodel_ford_edge"
        ],
        [
          "concept_stadiumoreventvenue_mid_america_center",
          "concept:stadiumlocatedincity",
          "concept_city_council_bluffs"
        ],
        [
          "concept_sport_rafting",
          "concept:sportschoolincountry",
          "concept_country___america"
        ],
        [
          "concept_female_tityas",
          "concept:parentofperson",
          "concept_female_elara"
        ],
        [
          "concept_person_faith_hill",
          "concept:hasspouse",
          "concept_actor_tim_mcgraw"
        ],
        [
          "concept_academicfield_arts",
          "concept:academicprogramatuniversity",
          "concept_university_booker_t__washington_high_school"
        ],
        [
          "concept_visualizableobject_shirt",
          "concept:clothingtogowithclothing",
          "concept_clothing_t_shirt"
        ],
        [
          "concept_clothing_tie",
          "concept:clothingtogowithclothing",
          "concept_clothing_blouse"
        ],
        [
          "concept_landscapefeatures_states",
          "concept:locationlocatedwithinlocation",
          "concept_river_state"
        ],
        [
          "concept_hotel_grand_china_princess",
          "concept:hotelincity",
          "concept_city_bangkok"
        ],
        [
          "concept_university_pennsylvania_state",
          "concept:organizationalsoknownas",
          "concept_university_state_university"
        ],
        [
          "concept_chemical_oxygen",
          "concept:chemicalistypeofchemical",
          "concept_chemical_chlorine"
        ],
        [
          "concept_stateorprovince_himachal_pradesh",
          "concept:statehascapital",
          "concept_city_shimla"
        ],
        [
          "concept_lake_new",
          "concept:locationlocatedwithinlocation",
          "concept_visualizablething_residence"
        ],
        [
          "concept_county_chevrolet",
          "concept:agentinvolvedwithitem",
          "concept_grain_cobalt"
        ],
        [
          "concept_profession_instructors",
          "concept:professionistypeofprofession",
          "concept_profession_industry_professionals"
        ],
        [
          "concept_sportsteam_western_illinois",
          "concept:subpartoforganization",
          "concept_sportsteam_ncaa_youth_kids"
        ],
        [
          "concept_creditunion_kansas",
          "concept:mutualproxyfor",
          "concept_celebrity_dodge_city"
        ],
        [
          "concept_musicartist_poison",
          "concept:musicartistgenre",
          "concept_musicgenre_hair"
        ],
        [
          "concept_book_a_darkness_more_than_night",
          "concept:bookwriter",
          "concept_writer_michael_connelly"
        ],
        [
          "concept_televisionstation_wekw_tv",
          "concept:televisionstationaffiliatedwith",
          "concept_televisionnetwork_pbs"
        ],
        [
          "concept_clothing_leather_jacket",
          "concept:clothingtogowithclothing",
          "concept_visualizableobject_shirt"
        ],
        [
          "concept_person_miley_cyrus",
          "concept:agentcollaborateswithagent",
          "concept_politician_obama"
        ],
        [
          "concept_furniture_beds",
          "concept:furniturefoundinroom",
          "concept_visualizablething_bright_bedroom"
        ],
        [
          "concept_building_sunset_station",
          "concept:stadiumlocatedincity",
          "concept_city_vegas"
        ],
        [
          "concept_person_lance_armstrong",
          "concept:haswife",
          "concept_professor_kate_hudson"
        ],
        [
          "concept_bacteria_coxiella_burnetii",
          "concept:bacteriaisthecausativeagentofphysiologicalcondition",
          "concept_disease_q_fever"
        ],
        [
          "concept_televisionstation_kyne_tv",
          "concept:agentbelongstoorganization",
          "concept_company_pbs"
        ],
        [
          "concept_profession_professionals",
          "concept:professionistypeofprofession",
          "concept_profession_researchers"
        ],
        [
          "concept_politician_simpson",
          "concept:personchargedwithcrime",
          "concept_crimeorcharge_murders"
        ],
        [
          "concept_city_place",
          "concept:atdate",
          "concept_year_n1978"
        ],
        [
          "concept_personnorthamerica_ron_paul",
          "concept:personbelongstoorganization",
          "concept_governmentorganization_house"
        ],
        [
          "concept_aquarium_jaszbereny_zoo",
          "concept:touristattractionsuchastouristattraction",
          "concept_attraction_temple_of_the_reclining_buddha"
        ],
        [
          "concept_celebrity_venice",
          "concept:proxyfor",
          "concept_book_new"
        ],
        [
          "concept_governmentorganization_government",
          "concept:atdate",
          "concept_year_n1992"
        ],
        [
          "concept_politicianus_frank_pallone",
          "concept:politicianusmemberofpoliticalgroup",
          "concept_governmentorganization_house"
        ],
        [
          "concept_coach_devin_thomas",
          "concept:coachwontrophy",
          "concept_awardtrophytournament_super_bowl"
        ],
        [
          "concept_animal_animals001",
          "concept:animalpreyson",
          "concept_animal_mammals001"
        ],
        [
          "concept_clothing_sleeved_shirts",
          "concept:clothingtogowithclothing",
          "concept_clothing_pants"
        ],
        [
          "concept_musicsong_villa",
          "concept:mutualproxyfor",
          "concept_vehicle_three"
        ],
        [
          "concept_personafrica_cesare_pavese",
          "concept:agentcreated",
          "concept_visualartist_the_moon_and_the_bonfires"
        ],
        [
          "concept_musicalbum_rent",
          "concept:proxyfor",
          "concept_weatherphenomenon_new"
        ],
        [
          "concept_geopoliticalorganization_greenfield",
          "concept:atlocation",
          "concept_stateorprovince_wisconsin"
        ],
        [
          "concept_charactertrait_charge",
          "concept:atdate",
          "concept_date_n2001"
        ],
        [
          "concept_city_home",
          "concept:atdate",
          "concept_year_n1960"
        ],
        [
          "concept_bathroomitem_shower",
          "concept:itemfoundinroom",
          "concept_visualizablething_bath_rooms"
        ],
        [
          "concept_criminal_favorites",
          "concept:agentparticipatedinevent",
          "concept_sportsgame_series"
        ],
        [
          "concept_academicfield_science",
          "concept:academicfieldconcernssubject",
          "concept_economicsector_computer"
        ],
        [
          "concept_sport_ski",
          "concept:sportfansincountry",
          "concept_country_us"
        ],
        [
          "concept_plant_tropical_flowers",
          "concept:plantgrowinginplant",
          "concept_plant_trees"
        ],
        [
          "concept_animal_chicken001",
          "concept:animaleatvegetable",
          "concept_vegetable_red_onions"
        ],
        [
          "concept_awardtrophytournament_championships",
          "concept:awardtrophytournamentisthechampionshipgameofthenationalsport",
          "concept_sport_golf"
        ],
        [
          "concept_person_roberts001",
          "concept:persongraduatedfromuniversity",
          "concept_university_state_university"
        ],
        [
          "concept_company_microsoft",
          "concept:producesproduct",
          "concept_software_microsoft_windows_server"
        ],
        [
          "concept_visualartist_da_vinci",
          "concept:visualartistartform",
          "concept_visualartform_paintings"
        ],
        [
          "concept_musician_slash",
          "concept:musicianplaysinstrument",
          "concept_musicinstrument_guitar"
        ],
        [
          "concept_park_glebe",
          "concept:parkincity",
          "concept_city_sydney"
        ],
        [
          "concept_artery_vessels",
          "concept:arterycalledartery",
          "concept_artery_branches"
        ],
        [
          "concept_athlete_mike_smith",
          "concept:coachesinleague",
          "concept_sportsleague_nfl"
        ],
        [
          "concept_athlete_stefan_edberg",
          "concept:athletebeatathlete",
          "concept_athlete_boris_becker"
        ],
        [
          "concept_automobilemaker_jaguar",
          "concept:automobilemakerdealersincountry",
          "concept_country_canada_canada"
        ],
        [
          "concept_insect_beneficial_insects",
          "concept:animalsuchasinvertebrate",
          "concept_insect_butterflies"
        ],
        [
          "concept_agriculturalproduct_animals",
          "concept:agriculturalproductgrowninlandscapefeatures",
          "concept_landscapefeatures_forest"
        ],
        [
          "concept_lake_bonita_springs",
          "concept:lakeinstate",
          "concept_stateorprovince_florida"
        ],
        [
          "concept_city_san_antonio",
          "concept:citylocatedingeopoliticallocation",
          "concept_stateorprovince_texas"
        ],
        [
          "concept_sportsteam_bengals",
          "concept:teamwontrophy",
          "concept_awardtrophytournament_super_bowl"
        ],
        [
          "concept_politicianus_nancy_pelosi",
          "concept:politicianholdsoffice",
          "concept_politicaloffice_senator"
        ],
        [
          "concept_visualizableobject_operator",
          "concept:objectpartofobject",
          "concept_sportsequipment_wheel"
        ],
        [
          "concept_city_grozny",
          "concept:citycapitalofcountry",
          "concept_country_chechnya"
        ],
        [
          "concept_musician_paul",
          "concept:musicianinmusicartist",
          "concept_musicartist_michael_jackson"
        ],
        [
          "concept_bank_ups",
          "concept:competeswith",
          "concept_bank_insured"
        ],
        [
          "concept_bakedgood_scones",
          "concept:bakedgoodservedwithbeverage",
          "concept_agriculturalproduct_hot_tea"
        ],
        [
          "concept_radiostation_wfmt",
          "concept:radiostationincity",
          "concept_city_chicago"
        ],
        [
          "concept_ceo_alan_greenspan",
          "concept:personleadsorganization",
          "concept_bank_former_federal_reserve"
        ],
        [
          "concept_politicianus_fernando_lugo",
          "concept:politicianusholdsoffice",
          "concept_politicaloffice_president"
        ],
        [
          "concept_person_julie",
          "concept:persongraduatedschool",
          "concept_university_state_university"
        ],
        [
          "concept_agriculturalproduct_wood",
          "concept:agriculturalproducttoattractinsect",
          "concept_insect_carpenter_ants"
        ],
        [
          "concept_animal_dolphins001",
          "concept:animalsuchasfish",
          "concept_fish_whale"
        ],
        [
          "concept_person_lord",
          "concept:hassibling",
          "concept_person_david"
        ],
        [
          "concept_company_prudential002",
          "concept:companyeconomicsector",
          "concept_economicsector_insurance"
        ],
        [
          "concept_bank_us_federal_reserve",
          "concept:bankbankincountry",
          "concept_country_england"
        ],
        [
          "concept_beverage_pomegranate_juice",
          "concept:beveragemadefrombeverage",
          "concept_beverage_juice"
        ],
        [
          "concept_company_denmark",
          "concept:hasofficeincountry",
          "concept_country___america"
        ],
        [
          "concept_company_tyco_healthcare",
          "concept:organizationheadquarteredinstateorprovince",
          "concept_stateorprovince_massachusetts"
        ],
        [
          "concept_agriculturalproduct_chives",
          "concept:agriculturalproductcutintogeometricshape",
          "concept_geometricshape_bits"
        ],
        [
          "concept_athlete_gabe_kapler",
          "concept:athletehomestadium",
          "concept_stadiumoreventvenue_tropicana_field"
        ],
        [
          "concept_athlete_iverson",
          "concept:persondiedincountry",
          "concept_country_england"
        ],
        [
          "concept_televisionstation_wsls",
          "concept:televisionstationincity",
          "concept_city_roanoke"
        ],
        [
          "concept_airport_reagan_washington_national",
          "concept:airportincity",
          "concept_city_washington_d_c"
        ],
        [
          "concept_invertebrate_cranes",
          "concept:specializationof",
          "concept_animal_birds003"
        ],
        [
          "concept_mountain_south_peak",
          "concept:mountaininstate",
          "concept_stateorprovince_alaska"
        ],
        [
          "concept_sportsgame_n2000_euro_cup",
          "concept:sportsgamesport",
          "concept_sport_soccer"
        ],
        [
          "concept_agriculturalproduct_cotton",
          "concept:agriculturalproductgrowinginstateorprovince",
          "concept_stateorprovince_oklahoma"
        ],
        [
          "concept_insect_pests",
          "concept:arthropodandotherarthropod",
          "concept_insect_bugs"
        ],
        [
          "concept_bank_wells_fargo",
          "concept:companyalsoknownas",
          "concept_radiostation_wfc"
        ],
        [
          "concept_person_hugo",
          "concept:personborninlocation",
          "concept_stateorprovince_south_carolina"
        ],
        [
          "concept_mammal_zebras",
          "concept:animalistypeofanimal",
          "concept_mammal_animals"
        ],
        [
          "concept_jobposition_demand",
          "concept:professionusestool",
          "concept_sportsequipment_products"
        ],
        [
          "concept_person_alyson_hannigan001",
          "concept:hashusband",
          "concept_male_alexis_denisof"
        ],
        [
          "concept_televisionstation_ktvu",
          "concept:hasofficeincity",
          "concept_city_san_francisco"
        ],
        [
          "concept_athlete_kirk_gibson",
          "concept:athleteplaysinleague",
          "concept_sportsleague_mlb"
        ],
        [
          "concept_animal_children",
          "concept:animaldevelopdisease",
          "concept_disease_sleep_disorders"
        ],
        [
          "concept_coach_bo_pelini",
          "concept:coachesteam",
          "concept_sportsteam_nebraska_cornhuskers"
        ],
        [
          "concept_automobilemaker_kia",
          "concept:automobilemakerdealersincity",
          "concept_city_brownsville"
        ],
        [
          "concept_aquarium_natural_history_museum",
          "concept:attractionofcity",
          "concept_city_london_city"
        ],
        [
          "concept_personus_miller",
          "concept:athleteplayssportsteamposition",
          "concept_sportsteamposition_player"
        ],
        [
          "concept_female_sandra_bullock",
          "concept:actorstarredinmovie",
          "concept_movie_practical_magic"
        ],
        [
          "concept_journalist_dafna_linzer",
          "concept:journalistwritesforpublication",
          "concept_company_post"
        ],
        [
          "concept_sportsteam_washington_nationals",
          "concept:teamplaysinleague",
          "concept_sportsleague_mlb"
        ],
        [
          "concept_museum_michigan_firehouse_museum",
          "concept:museumincity",
          "concept_city_ypsilanti"
        ],
        [
          "concept_beverage_juice",
          "concept:beveragecontainsprotein",
          "concept_protein_protease"
        ],
        [
          "concept_biotechcompany_ibm",
          "concept:acquired",
          "concept_biotechcompany_rational_software"
        ],
        [
          "concept_city_geneva",
          "concept:citylocatedincountry",
          "concept_country_switzerland"
        ],
        [
          "concept_coach_kragthorpe",
          "concept:worksfor",
          "concept_city_louisville"
        ],
        [
          "concept_athlete_scott_kazmir",
          "concept:athleteflyouttosportsteamposition",
          "concept_sportsteamposition_center"
        ],
        [
          "concept_agriculturalproduct_wildflower",
          "concept:agriculturalproductcamefromcountry",
          "concept_country___america"
        ],
        [
          "concept_scientificterm_differential_forms",
          "concept:conceptprerequisiteof",
          "concept_scientificterm_exterior_derivative"
        ],
        [
          "concept_sport_pool",
          "concept:sportusesequipment",
          "concept_tool_accessories"
        ],
        [
          "concept_emotion_sleep",
          "concept:emotionassociatedwithdisease",
          "concept_disease_paralysis"
        ],
        [
          "concept_person_carol_bartz",
          "concept:topmemberoforganization",
          "concept_biotechcompany_autodesk_inc_"
        ],
        [
          "concept_language_sindhi",
          "concept:languageofcountry",
          "concept_country_pakistan"
        ],
        [
          "concept_director_michel_gondry",
          "concept:directordirectedmovie",
          "concept_movie_eternal_sunshine_of_the_spotless_mind"
        ],
        [
          "concept_attraction_mississippi",
          "concept:riveremptiesintoriver",
          "concept_river_montana"
        ],
        [
          "concept_transportation_nj_transit",
          "concept:transportationincity",
          "concept_city_new_york"
        ],
        [
          "concept_sportsteam_penn_state_nittany_lions",
          "concept:teamhomestadium",
          "concept_stadiumoreventvenue_beaver_stadium"
        ],
        [
          "concept_country_pakistan",
          "concept:countrylocatedingeopoliticallocation",
          "concept_country_different_countries"
        ],
        [
          "concept_condiment_chocolate",
          "concept:fooddecreasestheriskofdisease",
          "concept_disease_blood_clots"
        ],
        [
          "concept_ceo_randall_l__stephenson",
          "concept:ceoof",
          "concept_company_at_t"
        ],
        [
          "concept_visualizableobject_parts",
          "concept:objectfoundinscene",
          "concept_landscapefeatures_valley"
        ],
        [
          "concept_city_salina",
          "concept:cityliesonriver",
          "concept_skiarea_smoky_hill"
        ],
        [
          "concept_weapon_nuclear_weapon",
          "concept:weaponmadeincountry",
          "concept_country_pakistan"
        ],
        [
          "concept_bank_national",
          "concept:bankboughtbank",
          "concept_bank_jp_morgan_chase_bank"
        ],
        [
          "concept_biotechcompany_mallinckrodt",
          "concept:headquarteredin",
          "concept_city_st_louis"
        ],
        [
          "concept_plant_flowers",
          "concept:plantrepresentemotion",
          "concept_emotion_affection"
        ],
        [
          "concept_building_jackson",
          "concept:buildinglocatedincity",
          "concept_city_port_moresby"
        ],
        [
          "concept_artery_fluid",
          "concept:bodypartcontainsbodypart",
          "concept_braintissue_meninges"
        ],
        [
          "concept_sportsleague_nfl",
          "concept:leaguestadiums",
          "concept_stadiumoreventvenue_sun_devil_stadium"
        ],
        [
          "concept_awardtrophytournament_hungary",
          "concept:synonymfor",
          "concept_politicalparty_republic"
        ],
        [
          "concept_food_oil",
          "concept:agriculturalproductcookedwithagriculturalproduct",
          "concept_legume_white_beans"
        ],
        [
          "concept_beverage_sugar",
          "concept:foodcancausedisease",
          "concept_disease_effect"
        ],
        [
          "concept_musicartist_stay",
          "concept:organizationdissolvedatdate",
          "concept_date_feb"
        ],
        [
          "concept_weapon_same_rifle",
          "concept:weaponssuchasweapons",
          "concept_weapon_nuclear_missile"
        ],
        [
          "concept_drug_ventolin",
          "concept:drugworkedonbyagent",
          "concept_biotechcompany_glaxosmithkline"
        ],
        [
          "concept_person_louis_xv",
          "concept:personhascitizenship",
          "concept_country_france_france"
        ],
        [
          "concept_mammal_bears",
          "concept:animaleatfood",
          "concept_food_strawberry"
        ],
        [
          "concept_athlete_henry",
          "concept:athleteinjuredhisbodypart",
          "concept_artery_arm"
        ],
        [
          "concept_stateorprovince_new_mexico",
          "concept:stateorprovinceisborderedbystateorprovince",
          "concept_stateorprovince_arizona"
        ],
        [
          "concept_drug_motrin",
          "concept:drugpossiblytreatsphysiologicalcondition",
          "concept_disease_pain"
        ],
        [
          "concept_hobby_nearby_activities",
          "concept:hobbiessuchashobbies",
          "concept_sport_rafting"
        ],
        [
          "concept_geometricshape_object",
          "concept:thinghascolor",
          "concept_color_orange"
        ],
        [
          "concept_governmentorganization_bonneville_power_administration",
          "concept:organizationheadquarteredincountry",
          "concept_country_u_s_"
        ],
        [
          "concept_sportsteam_new_jersey_devils",
          "concept:teamplaysincity",
          "concept_city_newark"
        ],
        [
          "concept_athlete_jacque_jones",
          "concept:athleteplayssport",
          "concept_sport_baseball"
        ],
        [
          "concept_insect_insects",
          "concept:animalsuchasinsect",
          "concept_insect_fleas"
        ],
        [
          "concept_animal_large_herd",
          "concept:ismultipleof",
          "concept_mammal_sheep"
        ],
        [
          "concept_agriculturalproduct_fruits",
          "concept:agriculturalproductcontainchemical",
          "concept_chemical_pesticides"
        ],
        [
          "concept_agriculturalproduct_crops",
          "concept:agriculturalproductincludingagriculturalproduct",
          "concept_agriculturalproduct_citrus_fruits"
        ],
        [
          "concept_sportsgame_n1931_world_series",
          "concept:sportsgamewinner",
          "concept_sportsteam_st__louis_cardinals"
        ],
        [
          "concept_drug_ortho_tri_cyclen",
          "concept:drughassideeffect",
          "concept_disease_side_effects"
        ],
        [
          "concept_language_english",
          "concept:languageofuniversity",
          "concept_university_depauw_university"
        ],
        [
          "concept_person_oprah",
          "concept:personalsoknownas",
          "concept_personus_oprah_winfrey"
        ],
        [
          "concept_politicianus_bush",
          "concept:politicianusendorsedbypoliticianus",
          "concept_politicianus_senator_kerry"
        ],
        [
          "concept_animal_dog001",
          "concept:agentcompeteswithagent",
          "concept_personaustralia_pet"
        ],
        [
          "concept_automobilemaker_nissan",
          "concept:automobilemakercardealersinstateorprovince",
          "concept_stateorprovince_texas"
        ],
        [
          "concept_sport_baseball",
          "concept:sporthassportsteamposition",
          "concept_sportsteamposition_left_handed_pitcher"
        ],
        [
          "concept_person_michele",
          "concept:personmovedtostateorprovince",
          "concept_stateorprovince_california"
        ],
        [
          "concept_city_hawaii",
          "concept:istallerthan",
          "concept_publication_people_"
        ],
        [
          "concept_governmentorganization_ojp",
          "concept:organizationacronymhasname",
          "concept_governmentorganization_office_of_justice_programs"
        ],
        [
          "concept_academicfield_technology",
          "concept:academicfieldsuchasacademicfield",
          "concept_academicfield_physics"
        ],
        [
          "concept_personus_carmelo_anthony",
          "concept:personhasjobposition",
          "concept_jobposition_counselor"
        ],
        [
          "concept_athlete_gustavo_kuerten",
          "concept:athletewinsawardtrophytournament",
          "concept_awardtrophytournament_french_open"
        ],
        [
          "concept_sportsteam_state_university",
          "concept:teamalsoknownas",
          "concept_sportsteam_community"
        ],
        [
          "concept_company_national",
          "concept:agentactsinlocation",
          "concept_country_us"
        ],
        [
          "concept_politicianus_woodrow_wilson",
          "concept:politicianrepresentslocation",
          "concept_country_united_states"
        ],
        [
          "concept_buildingfeature_floors",
          "concept:buildingfeaturemadefrombuildingmaterial",
          "concept_buildingmaterial_steel"
        ],
        [
          "concept_company_reynolds_american",
          "concept:organizationterminatedperson",
          "concept_ceo_susan_m__ivey"
        ],
        [
          "concept_musicgenre_disco",
          "concept:musicgenressuchasmusicgenres",
          "concept_musicgenre_pop"
        ],
        [
          "concept_person_mugabe",
          "concept:personleadsgeopoliticalorganization",
          "concept_city_harare"
        ],
        [
          "concept_geometricshape_cylinder",
          "concept:thinghasshape",
          "concept_geometricshape_shape"
        ],
        [
          "concept_clothing_formal_dresses",
          "concept:clothingmadefromplant",
          "concept_plant_flower"
        ],
        [
          "concept_stateorprovince_hawaii",
          "concept:statelocatedincountry",
          "concept_country_usa"
        ],
        [
          "concept_newspaper_daily_telegraph",
          "concept:newspaperincity",
          "concept_city_washington_d_c"
        ],
        [
          "concept_insect_honeybees",
          "concept:invertebratefeedonfood",
          "concept_beverage_nectar"
        ],
        [
          "concept_male_lamech",
          "concept:fatherofperson",
          "concept_male_noah"
        ],
        [
          "concept_country_italy",
          "concept:agentcontrols",
          "concept_personeurope_alessandro_del_piero"
        ],
        [
          "concept_sport_baseball",
          "concept:sportusesstadium",
          "concept_stadiumoreventvenue_sicks__stadium"
        ],
        [
          "concept_city_ho_chi_minh_city",
          "concept:cityalsoknownas",
          "concept_city_saigon"
        ],
        [
          "concept_personmexico_jason_giambi",
          "concept:athleteplaysforteam",
          "concept_sportsteam_yankees"
        ],
        [
          "concept_country_thailand",
          "concept:countrycurrency",
          "concept_currency_baht"
        ],
        [
          "concept_company_environmental_systems_research_institute",
          "concept:organizationheadquarteredincity",
          "concept_city_stockholm"
        ],
        [
          "concept_female_kunti",
          "concept:motherofperson",
          "concept_person_arjuna"
        ],
        [
          "concept_person_katz",
          "concept:personbornincity",
          "concept_city_york"
        ],
        [
          "concept_sportsgame_games",
          "concept:sportsgameteam",
          "concept_sportsteam_new_york_giants"
        ],
        [
          "concept_mammal_pig",
          "concept:mammalsuchasmammal",
          "concept_mammal_deer"
        ],
        [
          "concept_stateorprovince_states",
          "concept:statelocatedingeopoliticallocation",
          "concept_city_copenhagen"
        ],
        [
          "concept_fish_salmon",
          "concept:fishservedwithfood",
          "concept_condiment_salsa"
        ],
        [
          "concept_city_boston",
          "concept:organizationhiredperson",
          "concept_person_thomas_m__menino"
        ],
        [
          "concept_politicianus_brian_sandoval",
          "concept:personhasresidenceingeopoliticallocation",
          "concept_stateorprovince_nevada"
        ],
        [
          "concept_insect_beetles",
          "concept:animalthatfeedoninsect",
          "concept_arthropod_insect_predators"
        ],
        [
          "concept_sportsteam_man_utd",
          "concept:teamplayssport",
          "concept_sport_basketball"
        ],
        [
          "concept_plant_trees",
          "concept:plantincludeplant",
          "concept_plant_hickories"
        ],
        [
          "concept_food_eggs",
          "concept:agriculturalproductcomingfromvertebrate",
          "concept_fish_bass"
        ],
        [
          "concept_sportsteam_bills",
          "concept:teamplaysagainstteam",
          "concept_sportsteam_new_york_jets"
        ],
        [
          "concept_city_listings",
          "concept:proxyfor",
          "concept_politicaloffice_new"
        ],
        [
          "concept_musicartist_acdc",
          "concept:musicartistgenre",
          "concept_musicgenre_rock"
        ],
        [
          "concept_writer_laurell_k__hamilton",
          "concept:agentcreated",
          "concept_book_burnt_offerings"
        ],
        [
          "concept_male_second_adam",
          "concept:parentofperson",
          "concept_person_jesus"
        ]
      ],
      "selected_nodes_sha256": "0b3baeab8fb4bddb9f36346ea0cb71fcb3930af4f4101083b1c17411cd252a24",
      "selected_edges_sha256": "be723439e98f90fdc144c3f2ccaa9ecac9d0cc18987a197b054bedfa22a1cbd1",
      "selection_sha256": "d4a9cf3f6d2deee090af5137a2b52f89f8ce335926eabbd344ece85729d72885",
      "graph_id": "nell23k",
      "title": "nell23k",
      "format_as_instruction": false,
      "context_upsampling_applied": false,
      "legacy_max_context_samples": 0
    }
  },
  "matrix_counts": {
    "split=test|train_k=1|eval_k=1|adapter=correct": 64,
    "split=test|train_k=1|eval_k=1|adapter=none": 64,
    "split=test|train_k=1|eval_k=2|adapter=correct": 64,
    "split=test|train_k=1|eval_k=2|adapter=none": 64,
    "split=test|train_k=2|eval_k=1|adapter=correct": 64,
    "split=test|train_k=2|eval_k=1|adapter=none": 64,
    "split=test|train_k=2|eval_k=2|adapter=correct": 64,
    "split=test|train_k=2|eval_k=2|adapter=none": 64,
    "split=validation|train_k=1|eval_k=1|adapter=correct": 32,
    "split=validation|train_k=1|eval_k=1|adapter=none": 32,
    "split=validation|train_k=1|eval_k=2|adapter=correct": 32,
    "split=validation|train_k=1|eval_k=2|adapter=none": 32,
    "split=validation|train_k=2|eval_k=1|adapter=correct": 32,
    "split=validation|train_k=2|eval_k=1|adapter=none": 32,
    "split=validation|train_k=2|eval_k=2|adapter=correct": 32,
    "split=validation|train_k=2|eval_k=2|adapter=none": 32
  }
}
