[wire] frozen shared-pool manifests onto /home/ubuntu2/linkc/ltw-lkc/GRIP-CU/08_experiments/Hard_Negative_Contrastive_GRIP/grip_nell23k_tasks.json
sampler_dir=/home/ubuntu2/linkc/ltw-lkc/GRIP-CU/08_experiments/Hard_Negative_Contrastive_GRIP/results/runs/20261005_shared_pool_truncated_mixture_samplers
expected_listed=3253
note=CPU wiring of the full paper task file; do not train 64-QA / 10-step
2026-10-05T09:02:58+00:00
{
  "task_file": "/home/ubuntu2/linkc/ltw-lkc/GRIP-CU/08_experiments/Hard_Negative_Contrastive_GRIP/grip_nell23k_tasks.json",
  "n_qa": 12014,
  "n_listed": 3253,
  "question_id_source": "positional",
  "variants": {
    "soft_mix": {
      "manifest": "/home/ubuntu2/linkc/ltw-lkc/GRIP-CU/08_experiments/Hard_Negative_Contrastive_GRIP/results/runs/20261005_shared_pool_truncated_mixture_samplers/soft_mix.jsonl",
      "manifest_sha256": "870a90ee5c7d94a961debf4d88a94f7f0e5218d2c55ca689a10b8716b720e1b8",
      "n_qa": 12014,
      "n_listed": 3253,
      "k_min": 9,
      "k_max": 9,
      "k_mean": 9.0,
      "n_lambda": 3253,
      "lambda_min": 1.0,
      "lambda_max": 1.0
    },
    "calibrated": {
      "manifest": "/home/ubuntu2/linkc/ltw-lkc/GRIP-CU/08_experiments/Hard_Negative_Contrastive_GRIP/results/runs/20261005_shared_pool_truncated_mixture_samplers/calibrated.jsonl",
      "manifest_sha256": "c1dcb6d50a26b544667cf968527a44fe4262a1bf37b485710d9ace0075b84922",
      "n_qa": 12014,
      "n_listed": 3253,
      "k_min": 9,
      "k_max": 9,
      "k_mean": 9.0,
      "n_lambda": 3253,
      "lambda_min": 0.7334015043694889,
      "lambda_max": 0.9287071593407961
    }
  },
  "same_question_ids": true,
  "note": "CPU wiring check only. Listed-contrastive reads these frozen negative lists via --listed_negative_source score_hard. Do not train the retired 64-QA / 10-step protocol; train the requested frozen variant on the full paper task file after this check.",
  "question_id_head": [
    "task_qa:0",
    "task_qa:1",
    "task_qa:2"
  ],
  "question_id_tail": [
    "task_qa:12011",
    "task_qa:12012",
    "task_qa:12013"
  ]
}
[wire] finished 2026-10-05T09:03:00+00:00
